2026-04-15 11:30:59,037 KST INFO 사이클 잡 체크 시작 [KRX 정규]
2026-04-15 11:30:59,373 KST INFO 활성 잡 3개 처리
2026-04-15 11:31:05,207 KST INFO 에이팩트(200470) [holding #1] 현재가=7080 목표매도가=7199 → 대기
2026-04-15 11:31:07,796 KST INFO 빅텍(065450) [rebuy #1] 현재가=5320 재매수가=5303 → 대기
2026-04-15 11:31:09,415 KST INFO 티로보틱스(117730) [holding #1] 현재가=18800 목표매도가=19222 → 대기
2026-04-15 11:31:09,415 KST INFO 사이클 잡 체크 완료
2026-04-15 14:08:20,094 KST INFO 사이클 잡 체크 시작 [KRX 정규]
2026-04-15 14:08:20,358 KST INFO 활성 잡 2개 처리
2026-04-15 14:08:20,969 KST ERROR 티로보틱스(117730) 처리 실패: 403 Client Error: Forbidden for url: https://openapi.koreainvestment.com:9443/oauth2/tokenP
2026-04-15 14:08:24,177 KST ERROR 빅텍(065450) 처리 실패: 403 Client Error: Forbidden for url: https://openapi.koreainvestment.com:9443/oauth2/tokenP
2026-04-15 14:08:24,178 KST INFO 사이클 잡 체크 완료
2026-04-15 14:56:42,590 KST INFO 사이클 잡 체크 시작 [KRX 정규]
2026-04-15 14:56:42,744 KST INFO 활성 잡 1개 처리
2026-04-15 14:56:45,322 KST INFO 빅텍(065450) [rebuy #1] 현재가=5440 재매수가=5303 → 대기
2026-04-15 14:56:45,322 KST INFO 사이클 잡 체크 완료
2026-04-15 16:37:36,376 KST INFO 사이클 잡 체크 시작 [NXT 시간대]
2026-04-15 16:37:36,718 KST INFO 활성 사이클 잡 없음 — 종료
2026-04-15 17:40:12,055 KST INFO 사이클 잡 체크 시작 [NXT 시간대]
2026-04-15 17:40:12,366 KST INFO 활성 잡 1개 처리
2026-04-15 17:40:13,649 KST INFO 후성(093370) [waiting_buy] 현재가=10590 매수가=0 → ★ 매수
2026-04-15 17:40:14,229 KST ERROR 후성(093370) 처리 실패: 주문 실패 [BUY 093370 1주]: 장운영시간이 아닙니다.(정규시장(112) 시간 주문불가)
2026-04-15 17:40:14,230 KST INFO 사이클 잡 체크 완료
2026-04-15 17:48:20,046 KST INFO 사이클 잡 체크 시작 [NXT 시간대]
2026-04-15 17:48:20,334 KST INFO 활성 잡 1개 처리
2026-04-15 17:48:21,590 KST ERROR 후성(093370) 처리 실패: 403 Client Error: Forbidden for url: https://openapi.koreainvestment.com:9443/oauth2/tokenP
2026-04-15 17:48:21,592 KST INFO 사이클 잡 체크 완료
2026-04-15 19:04:35,275 KST INFO 사이클 잡 체크 시작 [NXT 시간대]
2026-04-15 19:04:35,484 KST INFO 활성 잡 1개 처리
2026-04-15 19:04:36,891 KST INFO 후성(093370) [waiting_buy] 현재가=10610 매수가=0 → ★ 매수
2026-04-15 19:04:37,555 KST ERROR 후성(093370) 처리 실패: 주문 실패 [BUY 093370 1주]: 장운영시간이 아닙니다
2026-04-15 19:04:37,556 KST INFO 사이클 잡 체크 완료
2026-04-15 20:15:37,312 KST INFO 거래 시간 외 (KRX/NXT 모두 닫힘) — 종료
2026-04-16 08:33:37,886 KST INFO 사이클 잡 체크 시작 [NXT 시간대]
2026-04-16 08:33:38,172 KST INFO 활성 잡 1개 처리
2026-04-16 08:33:39,593 KST INFO 후성(093370) [waiting_buy] 현재가=10500 매수가=0 → ★ 매수
2026-04-16 08:33:40,204 KST INFO ✅ [사이클1] 매수(지정가(10,500원) [사용자 지정가]): 093370 1주 @ 10500원  목표매도가=10576원
2026-04-16 08:33:41,379 KST INFO Gist 업데이트 완료
2026-04-16 08:33:41,379 KST INFO 사이클 잡 체크 완료
2026-04-16 09:10:13,858 KST INFO 사이클 잡 체크 시작 [KRX 정규]
2026-04-16 09:10:14,212 KST INFO 활성 잡 1개 처리
2026-04-16 09:10:16,845 KST INFO 후성(093370) [holding #1] 현재가=10480 목표매도가=10576 → 대기
2026-04-16 09:10:16,845 KST INFO 사이클 잡 체크 완료
