# [2026-04-15 ~ 2026-04-17] 이전 로그 요약 (28줄 → 10줄)
2026-04-15 11:30:58,498 KST INFO 수익매도 체크 시작 [KRX 정규]
2026-04-15 11:30:58,869 KST INFO 활성 잡 없음 — 종료
2026-04-15 14:08:19,710 KST INFO 수익매도 체크 시작 [KRX 정규]
2026-04-16 17:48:25,248 KST INFO 활성 잡 없음 — 종료
2026-04-16 18:55:01,803 KST INFO 수익매도 체크 시작 [NXT 시간대]
2026-04-16 19:03:58,510 KST INFO 수익매도 체크 시작 [NXT 시간대]
2026-04-16 19:03:58,752 KST INFO 활성 잡 없음 — 종료
2026-04-16 20:19:00,137 KST INFO 거래 시간 외 (KRX/NXT 모두 닫힘) — 종료
2026-04-17 08:31:49,468 KST INFO 수익매도 체크 시작 [NXT 시간대]
2026-04-17 08:31:49,734 KST INFO 활성 잡 없음 — 종료

2026-04-17 09:07:31,989 KST INFO 수익매도 체크 시작 [KRX 정규]
2026-04-17 09:07:32,398 KST INFO 활성 잡 없음 — 종료
2026-04-17 10:38:53,467 KST INFO 수익매도 체크 시작 [KRX 정규]
2026-04-17 10:38:53,668 KST INFO 활성 잡 1개 처리
2026-04-17 10:38:55,170 KST INFO 티로보틱스(117730) 현재가 19700원  +2.89% / 목표 +3.50%  [목표단가 19818원]
2026-04-17 10:38:55,170 KST INFO 수익매도 체크 완료
2026-04-17 11:32:57,439 KST INFO 수익매도 체크 시작 [KRX 정규]
2026-04-17 11:32:59,082 KST INFO 활성 잡 1개 처리
2026-04-17 11:32:59,679 KST INFO 티로보틱스(117730) 현재가 19690원  현재가 19,690원 / 지정가 19,700원  [목표단가 19700원]
2026-04-17 11:32:59,679 KST INFO 수익매도 체크 완료
2026-04-17 11:37:56,507 KST INFO 수익매도 체크 시작 [KRX 정규]
2026-04-17 11:37:58,062 KST INFO 활성 잡 1개 처리
2026-04-17 11:37:58,063 KST INFO 티로보틱스(117730) 지정가 매도 주문 — 19680원 × 1주
2026-04-17 11:37:58,570 KST INFO 지정가 매도 주문 완료  주문번호: 0019949900
2026-04-17 11:38:00,310 KST INFO Gist 업데이트 완료
2026-04-17 11:38:00,310 KST INFO 수익매도 체크 완료
2026-04-17 15:38:46,715 KST INFO 수익매도 체크 시작 [NXT 시간대]
2026-04-17 15:38:48,305 KST INFO 활성 잡 2개 처리
2026-04-17 15:38:48,491 KST INFO 미체결 주문 0건 조회 완료
2026-04-17 15:38:48,855 KST INFO 현재가 병렬 조회 완료 (1/1)
2026-04-17 15:38:48,855 KST INFO 빅텍(065450) 지정가 매도 주문 — 6150원 × 3주
2026-04-17 15:38:49,043 KST ERROR 빅텍(065450) 처리 실패: 주문 실패 [SELL 065450 3주]: 장운영시간이 아닙니다.(장종료동시마감(129) 주문불가시간)
2026-04-17 15:38:49,043 KST INFO ✅ 티로보틱스(117730) 지정가 주문 체결 완료 처리 [미체결 목록 미존재 → 체결 확인]  주문번호: 0019949900
2026-04-17 15:38:50,761 KST INFO Gist 업데이트 완료
2026-04-17 15:38:50,761 KST INFO 수익매도 체크 완료
2026-04-17 17:47:18,754 KST INFO 수익매도 체크 시작 [NXT 시간대]
2026-04-17 17:47:20,288 KST INFO 활성 잡 없음 — 종료
2026-04-17 19:01:22,847 KST INFO 수익매도 체크 시작 [NXT 시간대]
2026-04-17 19:01:24,331 KST INFO 활성 잡 없음 — 종료
2026-04-17 20:10:02,052 KST INFO 거래 시간 외 (KRX/NXT 모두 닫힘) — 종료
2026-04-20 08:26:50,849 KST INFO 수익매도 체크 시작 [NXT 시간대]
2026-04-20 08:26:52,303 KST INFO 활성 잡 없음 — 종료
