2026-04-14 09:09:09,641 INFO 잔고 조회 중...
2026-04-14 09:09:10,535 INFO 잔고 조회 완료: 케이티알파 1주 @ 4960원
2026-04-14 09:09:11,152 INFO =======================================================
2026-04-14 09:09:11,153 INFO   모니터링 시작: 036030(036030)
2026-04-14 09:09:11,153 INFO   평균매수단가: 4960원  수량: 1주
2026-04-14 09:09:11,153 INFO   목표: 순이익 +50원  →  매도단가 5021원 이상
2026-04-14 09:09:11,153 INFO =======================================================
2026-04-14 09:09:12,486 INFO [09:09:11] 현재가 4950원  예상 순손익 -20원 (-0.41%)  목표 5021원
2026-04-14 09:09:42,816 INFO [09:09:42] 현재가 4950원  예상 순손익 -20원 (-0.41%)  목표 5021원
2026-04-14 09:10:14,587 INFO [09:10:12] 현재가 4950원  예상 순손익 -20원 (-0.41%)  목표 5021원
2026-04-14 09:10:45,950 INFO [09:10:44] 현재가 4950원  예상 순손익 -20원 (-0.41%)  목표 5021원
2026-04-14 09:11:16,282 INFO [09:11:15] 현재가 4950원  예상 순손익 -20원 (-0.41%)  목표 5021원
2026-04-14 09:11:48,056 INFO [09:11:46] 현재가 4950원  예상 순손익 -20원 (-0.41%)  목표 5021원
2026-04-14 09:12:19,461 INFO [09:12:18] 현재가 4950원  예상 순손익 -20원 (-0.41%)  목표 5021원
2026-04-14 09:12:50,776 INFO [09:12:49] 현재가 4950원  예상 순손익 -20원 (-0.41%)  목표 5021원
2026-04-14 09:13:21,381 INFO [09:13:20] 현재가 4950원  예상 순손익 -20원 (-0.41%)  목표 5021원
2026-04-14 09:13:52,129 INFO [09:13:51] 현재가 4950원  예상 순손익 -20원 (-0.41%)  목표 5021원
2026-04-14 09:14:23,293 INFO [09:14:22] 현재가 4950원  예상 순손익 -20원 (-0.41%)  목표 5021원
2026-04-14 09:14:53,803 INFO [09:14:53] 현재가 4950원  예상 순손익 -20원 (-0.41%)  목표 5021원
2026-04-14 09:15:25,829 INFO [09:15:23] 현재가 4950원  예상 순손익 -20원 (-0.41%)  목표 5021원
2026-04-14 09:15:57,006 INFO [09:15:55] 현재가 4950원  예상 순손익 -20원 (-0.41%)  목표 5021원
2026-04-14 09:16:28,266 INFO [09:16:27] 현재가 4950원  예상 순손익 -20원 (-0.41%)  목표 5021원
2026-04-14 09:17:02,698 INFO [09:16:58] 현재가 4950원  예상 순손익 -20원 (-0.41%)  목표 5021원
2026-04-14 09:17:34,840 INFO [09:17:32] 현재가 4950원  예상 순손익 -20원 (-0.41%)  목표 5021원
2026-04-14 09:18:05,762 INFO [09:18:04] 현재가 4950원  예상 순손익 -20원 (-0.41%)  목표 5021원
2026-04-14 09:18:38,435 INFO [09:18:35] 현재가 4950원  예상 순손익 -20원 (-0.41%)  목표 5021원
2026-04-14 09:19:08,925 INFO [09:19:08] 현재가 4950원  예상 순손익 -20원 (-0.41%)  목표 5021원
2026-04-14 09:19:40,811 INFO [09:19:38] 현재가 4950원  예상 순손익 -20원 (-0.41%)  목표 5021원
2026-04-14 09:20:12,473 INFO [09:20:10] 현재가 4950원  예상 순손익 -20원 (-0.41%)  목표 5021원
2026-04-14 09:20:43,891 INFO [09:20:42] 현재가 4950원  예상 순손익 -20원 (-0.41%)  목표 5021원
2026-04-14 09:21:15,029 INFO [09:21:13] 현재가 4960원  예상 순손익 -10원 (-0.21%)  목표 5021원
2026-04-14 09:21:45,528 INFO [09:21:45] 현재가 4960원  예상 순손익 -10원 (-0.21%)  목표 5021원
2026-04-14 09:22:16,555 INFO [09:22:15] 현재가 4960원  예상 순손익 -10원 (-0.21%)  목표 5021원
2026-04-14 09:22:47,114 INFO [09:22:46] 현재가 4960원  예상 순손익 -10원 (-0.21%)  목표 5021원
2026-04-14 09:23:18,522 INFO [09:23:17] 현재가 4960원  예상 순손익 -10원 (-0.21%)  목표 5021원
2026-04-14 09:23:49,436 INFO [09:23:48] 현재가 4955원  예상 순손익 -15원 (-0.31%)  목표 5021원
2026-04-14 09:24:19,734 INFO [09:24:19] 현재가 4955원  예상 순손익 -15원 (-0.31%)  목표 5021원
2026-04-14 09:24:51,626 INFO [09:24:49] 현재가 4955원  예상 순손익 -15원 (-0.31%)  목표 5021원
2026-04-14 09:25:21,937 INFO [09:25:21] 현재가 4955원  예상 순손익 -15원 (-0.31%)  목표 5021원
2026-04-14 09:25:54,519 INFO [09:25:51] 현재가 4955원  예상 순손익 -15원 (-0.31%)  목표 5021원
2026-04-14 09:26:28,033 INFO [09:26:24] 현재가 4955원  예상 순손익 -15원 (-0.31%)  목표 5021원
2026-04-14 09:26:58,390 INFO [09:26:58] 현재가 4955원  예상 순손익 -15원 (-0.31%)  목표 5021원
2026-04-14 09:27:28,731 INFO [09:27:28] 현재가 4955원  예상 순손익 -15원 (-0.31%)  목표 5021원
2026-04-14 09:27:59,024 INFO [09:27:58] 현재가 4955원  예상 순손익 -15원 (-0.31%)  목표 5021원
2026-04-14 09:28:29,345 INFO [09:28:29] 현재가 4955원  예상 순손익 -15원 (-0.31%)  목표 5021원
2026-04-14 09:28:59,660 INFO [09:28:59] 현재가 4935원  예상 순손익 -35원 (-0.71%)  목표 5021원
2026-04-14 09:29:29,973 INFO [09:29:29] 현재가 4935원  예상 순손익 -35원 (-0.71%)  목표 5021원
2026-04-14 09:30:03,846 INFO [09:29:59] 현재가 4945원  예상 순손익 -25원 (-0.51%)  목표 5021원
2026-04-14 09:30:34,621 INFO [09:30:33] 현재가 4945원  예상 순손익 -25원 (-0.51%)  목표 5021원
2026-04-14 09:31:05,512 INFO [09:31:04] 현재가 4945원  예상 순손익 -25원 (-0.51%)  목표 5021원
2026-04-14 09:31:36,122 INFO [09:31:35] 현재가 4945원  예상 순손익 -25원 (-0.51%)  목표 5021원
2026-04-14 09:32:13,060 INFO [09:32:06] 현재가 4945원  예상 순손익 -25원 (-0.51%)  목표 5021원
2026-04-14 09:32:44,263 INFO [09:32:43] 현재가 4945원  예상 순손익 -25원 (-0.51%)  목표 5021원
2026-04-14 09:33:14,865 INFO [09:33:14] 현재가 4945원  예상 순손익 -25원 (-0.51%)  목표 5021원
2026-04-14 09:33:45,232 ERROR 오류: 500 Server Error: Internal Server Error for url: https://openapi.koreainvestment.com:9443/uapi/domestic-stock/v1/quotations/inquire-price?fid_cond_mrkt_div_code=J&fid_input_iscd=036030
2026-04-14 09:34:45,637 INFO [09:34:45] 현재가 4945원  예상 순손익 -25원 (-0.51%)  목표 5021원
2026-04-14 09:35:16,963 INFO [09:35:15] 현재가 4945원  예상 순손익 -25원 (-0.51%)  목표 5021원
2026-04-14 09:35:51,377 ERROR 오류: 500 Server Error: Internal Server Error for url: https://openapi.koreainvestment.com:9443/uapi/domestic-stock/v1/quotations/inquire-price?fid_cond_mrkt_div_code=J&fid_input_iscd=036030
2026-04-14 09:36:51,706 INFO [09:36:51] 현재가 4955원  예상 순손익 -15원 (-0.31%)  목표 5021원
2026-04-14 09:37:22,112 INFO [09:37:21] 현재가 4955원  예상 순손익 -15원 (-0.31%)  목표 5021원
2026-04-14 09:37:52,452 INFO [09:37:52] 현재가 4955원  예상 순손익 -15원 (-0.31%)  목표 5021원
2026-04-14 09:38:22,784 INFO [09:38:22] 현재가 4955원  예상 순손익 -15원 (-0.31%)  목표 5021원
2026-04-14 09:38:53,110 INFO [09:38:52] 현재가 4955원  예상 순손익 -15원 (-0.31%)  목표 5021원
2026-04-14 09:39:24,911 INFO [09:39:23] 현재가 4955원  예상 순손익 -15원 (-0.31%)  목표 5021원
2026-04-14 09:39:55,215 INFO [09:39:54] 현재가 4955원  예상 순손익 -15원 (-0.31%)  목표 5021원
2026-04-14 09:40:25,538 INFO [09:40:25] 현재가 4955원  예상 순손익 -15원 (-0.31%)  목표 5021원
2026-04-14 09:40:55,972 INFO [09:40:55] 현재가 4955원  예상 순손익 -15원 (-0.31%)  목표 5021원
2026-04-14 09:41:26,655 INFO [09:41:25] 현재가 4955원  예상 순손익 -15원 (-0.31%)  목표 5021원
2026-04-14 09:41:56,968 INFO [09:41:56] 현재가 4955원  예상 순손익 -15원 (-0.31%)  목표 5021원
2026-04-14 09:42:28,494 INFO [09:42:26] 현재가 4955원  예상 순손익 -15원 (-0.31%)  목표 5021원
2026-04-14 09:42:58,784 INFO [09:42:58] 현재가 4955원  예상 순손익 -15원 (-0.31%)  목표 5021원
2026-04-14 09:43:29,126 INFO [09:43:28] 현재가 4955원  예상 순손익 -15원 (-0.31%)  목표 5021원
2026-04-14 09:43:59,433 INFO [09:43:59] 현재가 4960원  예상 순손익 -10원 (-0.21%)  목표 5021원
2026-04-14 09:44:29,817 INFO [09:44:29] 현재가 4960원  예상 순손익 -10원 (-0.21%)  목표 5021원
2026-04-14 09:45:00,158 INFO [09:44:59] 현재가 4960원  예상 순손익 -10원 (-0.21%)  목표 5021원
2026-04-14 09:45:31,647 INFO [09:45:30] 현재가 4960원  예상 순손익 -10원 (-0.21%)  목표 5021원
2026-04-14 09:46:05,215 INFO [09:46:01] 현재가 4960원  예상 순손익 -10원 (-0.21%)  목표 5021원
2026-04-14 09:46:39,872 INFO [09:46:35] 현재가 4960원  예상 순손익 -10원 (-0.21%)  목표 5021원
2026-04-14 09:47:11,879 INFO [09:47:09] 현재가 4945원  예상 순손익 -25원 (-0.51%)  목표 5021원
2026-04-14 09:47:42,203 ERROR 오류: 500 Server Error: Internal Server Error for url: https://openapi.koreainvestment.com:9443/uapi/domestic-stock/v1/quotations/inquire-price?fid_cond_mrkt_div_code=J&fid_input_iscd=036030
2026-04-14 09:48:42,914 INFO [09:48:42] 현재가 4945원  예상 순손익 -25원 (-0.51%)  목표 5021원
2026-04-14 09:49:16,766 INFO [09:49:12] 현재가 4945원  예상 순손익 -25원 (-0.51%)  목표 5021원
2026-04-14 09:49:47,134 INFO [09:49:46] 현재가 4945원  예상 순손익 -25원 (-0.51%)  목표 5021원
2026-04-14 09:50:18,021 INFO [09:50:17] 현재가 4940원  예상 순손익 -30원 (-0.61%)  목표 5021원
2026-04-14 09:50:48,699 INFO [09:50:48] 현재가 4940원  예상 순손익 -30원 (-0.61%)  목표 5021원
2026-04-14 09:51:19,114 INFO [09:51:18] 현재가 4940원  예상 순손익 -30원 (-0.61%)  목표 5021원
2026-04-14 09:51:50,834 INFO [09:51:49] 현재가 4940원  예상 순손익 -30원 (-0.61%)  목표 5021원
2026-04-14 09:52:21,959 INFO [09:52:20] 현재가 4940원  예상 순손익 -30원 (-0.61%)  목표 5021원
2026-04-14 09:52:56,688 INFO [09:52:51] 현재가 4940원  예상 순손익 -30원 (-0.61%)  목표 5021원
2026-04-14 09:53:28,223 INFO [09:53:26] 현재가 4940원  예상 순손익 -30원 (-0.61%)  목표 5021원
2026-04-14 09:54:01,802 INFO [09:53:58] 현재가 4940원  예상 순손익 -30원 (-0.61%)  목표 5021원
2026-04-14 09:54:35,018 INFO [09:54:31] 현재가 4950원  예상 순손익 -20원 (-0.41%)  목표 5021원
2026-04-14 09:55:09,230 INFO [09:55:05] 현재가 4950원  예상 순손익 -20원 (-0.41%)  목표 5021원
2026-04-14 09:55:39,557 INFO [09:55:39] 현재가 4965원  예상 순손익 -5원 (-0.11%)  목표 5021원
2026-04-14 09:56:12,209 INFO [09:56:09] 현재가 4965원  예상 순손익 -5원 (-0.11%)  목표 5021원
2026-04-14 09:56:43,150 INFO [09:56:42] 현재가 4965원  예상 순손익 -5원 (-0.11%)  목표 5021원
2026-04-14 09:57:13,513 INFO [09:57:13] 현재가 4960원  예상 순손익 -10원 (-0.21%)  목표 5021원
2026-04-14 09:57:43,846 INFO [09:57:43] 현재가 4965원  예상 순손익 -5원 (-0.11%)  목표 5021원
2026-04-14 09:58:16,455 INFO [09:58:13] 현재가 4965원  예상 순손익 -5원 (-0.11%)  목표 5021원
2026-04-14 09:58:49,137 INFO [09:58:46] 현재가 4965원  예상 순손익 -5원 (-0.11%)  목표 5021원
2026-04-14 09:59:21,447 INFO [09:59:19] 현재가 4965원  예상 순손익 -5원 (-0.11%)  목표 5021원
2026-04-14 09:59:51,797 INFO [09:59:51] 현재가 4965원  예상 순손익 -5원 (-0.11%)  목표 5021원
2026-04-14 10:00:27,588 INFO [10:00:21] 현재가 4965원  예상 순손익 -5원 (-0.11%)  목표 5021원
2026-04-14 10:00:58,307 INFO [10:00:57] 현재가 4965원  예상 순손익 -5원 (-0.11%)  목표 5021원
2026-04-14 10:01:31,345 INFO [10:01:28] 현재가 4965원  예상 순손익 -5원 (-0.11%)  목표 5021원
2026-04-14 10:02:02,646 INFO [10:02:01] 현재가 4965원  예상 순손익 -5원 (-0.11%)  목표 5021원
2026-04-14 10:02:33,767 INFO [10:02:32] 현재가 4965원  예상 순손익 -5원 (-0.11%)  목표 5021원
2026-04-14 10:03:04,613 INFO [10:03:03] 현재가 4965원  예상 순손익 -5원 (-0.11%)  목표 5021원
2026-04-14 10:03:36,754 INFO [10:03:34] 현재가 4965원  예상 순손익 -5원 (-0.11%)  목표 5021원
2026-04-14 10:04:09,054 INFO [10:04:06] 현재가 4965원  예상 순손익 -5원 (-0.11%)  목표 5021원
2026-04-14 10:04:44,134 INFO [10:04:39] 현재가 4965원  예상 순손익 -5원 (-0.11%)  목표 5021원
2026-04-14 10:05:15,864 INFO [10:05:14] 현재가 4965원  예상 순손익 -5원 (-0.11%)  목표 5021원
2026-04-14 10:05:47,830 INFO [10:05:45] 현재가 4965원  예상 순손익 -5원 (-0.11%)  목표 5021원
2026-04-14 10:06:18,706 INFO [10:06:17] 현재가 4965원  예상 순손익 -5원 (-0.11%)  목표 5021원
2026-04-14 10:06:51,156 INFO [10:06:48] 현재가 4970원  예상 순손익 -0원 (-0.01%)  목표 5021원
2026-04-14 10:07:21,707 INFO [10:07:21] 현재가 4970원  예상 순손익 -0원 (-0.01%)  목표 5021원
2026-04-14 10:07:52,959 INFO [10:07:51] 현재가 4970원  예상 순손익 -0원 (-0.01%)  목표 5021원
2026-04-14 10:08:23,659 INFO [10:08:22] 현재가 4970원  예상 순손익 -0원 (-0.01%)  목표 5021원
2026-04-14 10:08:53,963 INFO [10:08:53] 현재가 4970원  예상 순손익 -0원 (-0.01%)  목표 5021원
2026-04-14 10:09:25,363 INFO [10:09:23] 현재가 4970원  예상 순손익 -0원 (-0.01%)  목표 5021원
2026-04-14 10:09:57,619 INFO [10:09:55] 현재가 4970원  예상 순손익 -0원 (-0.01%)  목표 5021원
2026-04-14 10:10:28,661 INFO [10:10:27] 현재가 4970원  예상 순손익 -0원 (-0.01%)  목표 5021원
2026-04-14 10:10:59,233 INFO [10:10:58] 현재가 4970원  예상 순손익 -0원 (-0.01%)  목표 5021원
2026-04-14 10:11:29,983 INFO [10:11:29] 현재가 4970원  예상 순손익 -0원 (-0.01%)  목표 5021원
2026-04-14 10:12:01,146 INFO [10:11:59] 현재가 4970원  예상 순손익 -0원 (-0.01%)  목표 5021원
2026-04-14 10:12:32,713 INFO [10:12:31] 현재가 4970원  예상 순손익 -0원 (-0.01%)  목표 5021원
2026-04-14 10:13:03,328 INFO [10:13:02] 현재가 4970원  예상 순손익 -0원 (-0.01%)  목표 5021원
2026-04-14 10:13:34,211 INFO [10:13:33] 현재가 4970원  예상 순손익 -0원 (-0.01%)  목표 5021원
2026-04-14 10:14:05,405 INFO [10:14:04] 현재가 4970원  예상 순손익 -0원 (-0.01%)  목표 5021원
2026-04-14 10:14:38,250 INFO [10:14:35] 현재가 4970원  예상 순손익 -0원 (-0.01%)  목표 5021원
2026-04-14 10:15:09,237 INFO [10:15:08] 현재가 4970원  예상 순손익 -0원 (-0.01%)  목표 5021원
2026-04-14 10:15:40,416 INFO [10:15:39] 현재가 4970원  예상 순손익 -0원 (-0.01%)  목표 5021원
2026-04-14 10:16:12,311 INFO [10:16:10] 현재가 4970원  예상 순손익 -0원 (-0.01%)  목표 5021원
2026-04-14 10:16:43,374 INFO [10:16:42] 현재가 4970원  예상 순손익 -0원 (-0.01%)  목표 5021원
2026-04-14 10:17:16,460 INFO [10:17:13] 현재가 4970원  예상 순손익 -0원 (-0.01%)  목표 5021원
2026-04-14 10:17:47,791 INFO [10:17:46] 현재가 4970원  예상 순손익 -0원 (-0.01%)  목표 5021원
2026-04-14 10:18:18,116 INFO [10:18:17] 현재가 4970원  예상 순손익 -0원 (-0.01%)  목표 5021원
2026-04-14 10:18:48,427 INFO [10:18:48] 현재가 4970원  예상 순손익 -0원 (-0.01%)  목표 5021원
2026-04-14 10:19:21,165 INFO [10:19:18] 현재가 4970원  예상 순손익 -0원 (-0.01%)  목표 5021원
2026-04-14 10:19:54,471 INFO [10:19:51] 현재가 4970원  예상 순손익 -0원 (-0.01%)  목표 5021원
2026-04-14 10:20:26,489 INFO [10:20:24] 현재가 4955원  예상 순손익 -15원 (-0.31%)  목표 5021원
2026-04-14 10:20:57,072 INFO [10:20:56] 현재가 4955원  예상 순손익 -15원 (-0.31%)  목표 5021원
2026-04-14 10:21:27,565 INFO [10:21:27] 현재가 4955원  예상 순손익 -15원 (-0.31%)  목표 5021원
2026-04-14 10:21:59,233 INFO [10:21:57] 현재가 4955원  예상 순손익 -15원 (-0.31%)  목표 5021원
2026-04-14 10:22:29,979 INFO [10:22:29] 현재가 4955원  예상 순손익 -15원 (-0.31%)  목표 5021원
2026-04-14 10:23:00,357 INFO [10:22:59] 현재가 4955원  예상 순손익 -15원 (-0.31%)  목표 5021원
2026-04-14 10:23:30,981 INFO [10:23:30] 현재가 4955원  예상 순손익 -15원 (-0.31%)  목표 5021원
2026-04-14 10:24:02,078 INFO [10:24:00] 현재가 4955원  예상 순손익 -15원 (-0.31%)  목표 5021원
2026-04-14 10:24:32,784 INFO [10:24:32] 현재가 4955원  예상 순손익 -15원 (-0.31%)  목표 5021원
2026-04-14 10:25:03,508 INFO [10:25:02] 현재가 4955원  예상 순손익 -15원 (-0.31%)  목표 5021원
2026-04-14 10:25:34,516 ERROR 오류: 500 Server Error: Internal Server Error for url: https://openapi.koreainvestment.com:9443/uapi/domestic-stock/v1/quotations/inquire-price?fid_cond_mrkt_div_code=J&fid_input_iscd=036030
2026-04-14 10:26:35,765 INFO [10:26:34] 현재가 4955원  예상 순손익 -15원 (-0.31%)  목표 5021원
2026-04-14 10:27:07,600 INFO [10:27:05] 현재가 4955원  예상 순손익 -15원 (-0.31%)  목표 5021원
2026-04-14 10:27:38,624 ERROR 오류: 500 Server Error: Internal Server Error for url: https://openapi.koreainvestment.com:9443/uapi/domestic-stock/v1/quotations/inquire-price?fid_cond_mrkt_div_code=J&fid_input_iscd=036030
2026-04-14 10:28:39,107 INFO [10:28:38] 현재가 4955원  예상 순손익 -15원 (-0.31%)  목표 5021원
2026-04-14 10:29:09,420 INFO [10:29:09] 현재가 4955원  예상 순손익 -15원 (-0.31%)  목표 5021원
2026-04-14 10:29:39,727 INFO [10:29:39] 현재가 4965원  예상 순손익 -5원 (-0.11%)  목표 5021원
2026-04-14 10:30:10,579 INFO [10:30:09] 현재가 4965원  예상 순손익 -5원 (-0.11%)  목표 5021원
2026-04-14 10:30:40,894 INFO [10:30:40] 현재가 4965원  예상 순손익 -5원 (-0.11%)  목표 5021원
2026-04-14 10:31:11,677 INFO [10:31:10] 현재가 4965원  예상 순손익 -5원 (-0.11%)  목표 5021원
2026-04-14 10:31:43,104 INFO [10:31:41] 현재가 4965원  예상 순손익 -5원 (-0.11%)  목표 5021원
2026-04-14 10:32:15,324 INFO [10:32:13] 현재가 4965원  예상 순손익 -5원 (-0.11%)  목표 5021원
2026-04-14 10:32:45,671 INFO [10:32:45] 현재가 4965원  예상 순손익 -5원 (-0.11%)  목표 5021원
2026-04-14 10:33:16,134 INFO [10:33:15] 현재가 4965원  예상 순손익 -5원 (-0.11%)  목표 5021원
2026-04-14 10:33:47,279 INFO [10:33:46] 현재가 4965원  예상 순손익 -5원 (-0.11%)  목표 5021원
2026-04-14 10:34:17,595 INFO [10:34:17] 현재가 4965원  예상 순손익 -5원 (-0.11%)  목표 5021원
2026-04-14 10:34:51,202 INFO [10:34:47] 현재가 4965원  예상 순손익 -5원 (-0.11%)  목표 5021원
2026-04-14 10:35:21,963 INFO [10:35:21] 현재가 4965원  예상 순손익 -5원 (-0.11%)  목표 5021원
2026-04-14 10:35:56,011 INFO [10:35:51] 현재가 4965원  예상 순손익 -5원 (-0.11%)  목표 5021원
2026-04-14 10:36:26,507 INFO [10:36:26] 현재가 4965원  예상 순손익 -5원 (-0.11%)  목표 5021원
2026-04-14 10:36:56,832 INFO [10:36:56] 현재가 4965원  예상 순손익 -5원 (-0.11%)  목표 5021원
2026-04-14 10:37:29,920 INFO [10:37:26] 현재가 4965원  예상 순손익 -5원 (-0.11%)  목표 5021원
2026-04-14 10:38:00,254 INFO [10:37:59] 현재가 4965원  예상 순손익 -5원 (-0.11%)  목표 5021원
2026-04-14 10:38:30,568 INFO [10:38:30] 현재가 4965원  예상 순손익 -5원 (-0.11%)  목표 5021원
2026-04-14 10:39:04,062 INFO [10:39:00] 현재가 4965원  예상 순손익 -5원 (-0.11%)  목표 5021원
2026-04-14 10:39:34,389 INFO [10:39:34] 현재가 4965원  예상 순손익 -5원 (-0.11%)  목표 5021원
2026-04-14 10:40:09,586 INFO [10:40:04] 현재가 4965원  예상 순손익 -5원 (-0.11%)  목표 5021원
2026-04-14 10:40:40,087 INFO [10:40:39] 현재가 4970원  예상 순손익 -0원 (-0.01%)  목표 5021원
2026-04-14 10:41:10,501 INFO [10:41:10] 현재가 4970원  예상 순손익 -0원 (-0.01%)  목표 5021원
2026-04-14 10:41:42,432 INFO [10:41:40] 현재가 4970원  예상 순손익 -0원 (-0.01%)  목표 5021원
2026-04-14 10:42:14,069 INFO [10:42:12] 현재가 4970원  예상 순손익 -0원 (-0.01%)  목표 5021원
2026-04-14 10:42:45,107 INFO [10:42:44] 현재가 4970원  예상 순손익 -0원 (-0.01%)  목표 5021원
2026-04-14 10:43:15,494 INFO [10:43:15] 현재가 4970원  예상 순손익 -0원 (-0.01%)  목표 5021원
2026-04-14 10:43:47,674 INFO [10:43:45] 현재가 4970원  예상 순손익 -0원 (-0.01%)  목표 5021원
2026-04-14 10:44:18,635 INFO [10:44:17] 현재가 4970원  예상 순손익 -0원 (-0.01%)  목표 5021원
2026-04-14 10:44:49,120 INFO [10:44:48] 현재가 4970원  예상 순손익 -0원 (-0.01%)  목표 5021원
2026-04-14 10:45:21,570 INFO [10:45:19] 현재가 4970원  예상 순손익 -0원 (-0.01%)  목표 5021원
2026-04-14 10:45:52,094 INFO [10:45:51] 현재가 4970원  예상 순손익 -0원 (-0.01%)  목표 5021원
2026-04-14 10:46:22,953 INFO [10:46:22] 현재가 4970원  예상 순손익 -0원 (-0.01%)  목표 5021원
2026-04-14 10:46:55,978 ERROR 오류: 403 Client Error: Forbidden for url: https://openapi.koreainvestment.com:9443/oauth2/tokenP
2026-04-14 10:47:58,944 INFO 토큰 발급 완료  만료: 2026-04-15T10:47:55.980054
2026-04-14 10:47:59,264 INFO [10:47:55] 현재가 4970원  예상 순손익 -0원 (-0.01%)  목표 5021원
2026-04-14 10:48:31,084 INFO [10:48:29] 현재가 4970원  예상 순손익 -0원 (-0.01%)  목표 5021원
2026-04-14 10:49:01,538 INFO [10:49:01] 현재가 4970원  예상 순손익 -0원 (-0.01%)  목표 5021원
2026-04-14 10:49:31,880 INFO [10:49:31] 현재가 4970원  예상 순손익 -0원 (-0.01%)  목표 5021원
2026-04-14 10:50:02,847 INFO [10:50:01] 현재가 4970원  예상 순손익 -0원 (-0.01%)  목표 5021원
2026-04-14 10:50:33,908 INFO [10:50:32] 현재가 4965원  예상 순손익 -5원 (-0.11%)  목표 5021원
2026-04-14 10:51:04,296 INFO [10:51:03] 현재가 4970원  예상 순손익 -0원 (-0.01%)  목표 5021원
2026-04-14 10:51:34,714 INFO [10:51:34] 현재가 4970원  예상 순손익 -0원 (-0.01%)  목표 5021원
2026-04-14 10:52:06,313 INFO [10:52:04] 현재가 4970원  예상 순손익 -0원 (-0.01%)  목표 5021원
2026-04-14 10:52:36,623 INFO [10:52:36] 현재가 4970원  예상 순손익 -0원 (-0.01%)  목표 5021원
2026-04-14 10:53:06,925 INFO [10:53:06] 현재가 4970원  예상 순손익 -0원 (-0.01%)  목표 5021원
2026-04-14 10:53:40,739 INFO [10:53:36] 현재가 4970원  예상 순손익 -0원 (-0.01%)  목표 5021원
2026-04-14 10:54:14,281 INFO [10:54:10] 현재가 4970원  예상 순손익 -0원 (-0.01%)  목표 5021원
2026-04-14 10:54:44,710 ERROR 오류: 500 Server Error: Internal Server Error for url: https://openapi.koreainvestment.com:9443/uapi/domestic-stock/v1/quotations/inquire-price?fid_cond_mrkt_div_code=J&fid_input_iscd=036030
2026-04-14 10:55:45,952 ERROR 오류: 500 Server Error: Internal Server Error for url: https://openapi.koreainvestment.com:9443/uapi/domestic-stock/v1/quotations/inquire-price?fid_cond_mrkt_div_code=J&fid_input_iscd=036030
2026-04-14 10:56:46,682 INFO [10:56:45] 현재가 4980원  예상 순손익 +10원 (+0.19%)  목표 5021원
2026-04-14 10:57:17,957 INFO [10:57:16] 현재가 4980원  예상 순손익 +10원 (+0.19%)  목표 5021원
2026-04-14 10:57:52,049 INFO [10:57:47] 현재가 4980원  예상 순손익 +10원 (+0.19%)  목표 5021원
2026-04-14 10:58:22,359 INFO [10:58:22] 현재가 4980원  예상 순손익 +10원 (+0.19%)  목표 5021원
2026-04-14 10:58:52,695 INFO [10:58:52] 현재가 4980원  예상 순손익 +10원 (+0.19%)  목표 5021원
2026-04-14 10:59:23,222 INFO [10:59:22] 현재가 4980원  예상 순손익 +10원 (+0.19%)  목표 5021원
2026-04-14 10:59:53,523 INFO [10:59:53] 현재가 4980원  예상 순손익 +10원 (+0.19%)  목표 5021원
2026-04-14 11:00:24,066 INFO [11:00:23] 현재가 4980원  예상 순손익 +10원 (+0.19%)  목표 5021원
2026-04-14 11:00:55,123 INFO [11:00:54] 현재가 4980원  예상 순손익 +10원 (+0.19%)  목표 5021원
2026-04-14 11:01:25,674 INFO [11:01:25] 현재가 4980원  예상 순손익 +10원 (+0.19%)  목표 5021원
2026-04-14 11:01:58,979 INFO [11:01:55] 현재가 4980원  예상 순손익 +10원 (+0.19%)  목표 5021원
2026-04-14 11:02:30,637 INFO [11:02:28] 현재가 4980원  예상 순손익 +10원 (+0.19%)  목표 5021원
2026-04-14 11:03:00,950 INFO [11:03:00] 현재가 4980원  예상 순손익 +10원 (+0.19%)  목표 5021원
2026-04-14 11:03:34,252 INFO [11:03:30] 현재가 4980원  예상 순손익 +10원 (+0.19%)  목표 5021원
2026-04-14 11:04:05,768 INFO [11:04:04] 현재가 4980원  예상 순손익 +10원 (+0.19%)  목표 5021원
2026-04-14 11:04:38,479 INFO [11:04:35] 현재가 4980원  예상 순손익 +10원 (+0.19%)  목표 5021원
2026-04-14 11:05:10,266 INFO [11:05:08] 현재가 4980원  예상 순손익 +10원 (+0.19%)  목표 5021원
2026-04-14 11:05:41,642 INFO [11:05:40] 현재가 4980원  예상 순손익 +10원 (+0.19%)  목표 5021원
2026-04-14 11:06:12,037 INFO [11:06:11] 현재가 4980원  예상 순손익 +10원 (+0.19%)  목표 5021원
2026-04-14 11:06:43,179 INFO [11:06:42] 현재가 4980원  예상 순손익 +10원 (+0.19%)  목표 5021원
2026-04-14 11:07:15,226 INFO [11:07:13] 현재가 4980원  예상 순손익 +10원 (+0.19%)  목표 5021원
2026-04-14 11:07:46,730 INFO [11:07:45] 현재가 4980원  예상 순손익 +10원 (+0.19%)  목표 5021원
2026-04-14 11:08:18,589 INFO [11:08:16] 현재가 4980원  예상 순손익 +10원 (+0.19%)  목표 5021원
2026-04-14 11:08:48,950 INFO [11:08:48] 현재가 4980원  예상 순손익 +10원 (+0.19%)  목표 5021원
2026-04-14 11:09:19,878 INFO [11:09:18] 현재가 4980원  예상 순손익 +10원 (+0.19%)  목표 5021원
2026-04-14 11:09:50,198 INFO [11:09:49] 현재가 4980원  예상 순손익 +10원 (+0.19%)  목표 5021원
2026-04-14 11:10:20,827 INFO [11:10:20] 현재가 4980원  예상 순손익 +10원 (+0.19%)  목표 5021원
2026-04-14 11:10:51,276 INFO [11:10:50] 현재가 4980원  예상 순손익 +10원 (+0.19%)  목표 5021원
2026-04-14 11:11:21,808 INFO [11:11:21] 현재가 4980원  예상 순손익 +10원 (+0.19%)  목표 5021원
2026-04-14 11:11:53,123 INFO [11:11:51] 현재가 4980원  예상 순손익 +10원 (+0.19%)  목표 5021원
2026-04-14 11:12:23,890 INFO [11:12:23] 현재가 4980원  예상 순손익 +10원 (+0.19%)  목표 5021원
2026-04-14 11:12:54,183 INFO [11:12:53] 현재가 4980원  예상 순손익 +10원 (+0.19%)  목표 5021원
2026-04-14 11:13:24,500 INFO [11:13:24] 현재가 4980원  예상 순손익 +10원 (+0.19%)  목표 5021원
2026-04-14 11:13:54,907 INFO [11:13:54] 현재가 4980원  예상 순손익 +10원 (+0.19%)  목표 5021원
2026-04-14 11:14:25,593 INFO [11:14:24] 현재가 4980원  예상 순손익 +10원 (+0.19%)  목표 5021원
2026-04-14 11:14:56,374 INFO [11:14:55] 현재가 4980원  예상 순손익 +10원 (+0.19%)  목표 5021원
2026-04-14 11:15:27,029 INFO [11:15:26] 현재가 4980원  예상 순손익 +10원 (+0.19%)  목표 5021원
2026-04-14 11:15:57,598 INFO [11:15:57] 현재가 4980원  예상 순손익 +10원 (+0.19%)  목표 5021원
2026-04-14 11:16:29,371 INFO [11:16:27] 현재가 4980원  예상 순손익 +10원 (+0.19%)  목표 5021원
2026-04-14 11:17:01,940 INFO [11:16:59] 현재가 4980원  예상 순손익 +10원 (+0.19%)  목표 5021원
2026-04-14 11:17:32,287 ERROR 오류: 500 Server Error: Internal Server Error for url: https://openapi.koreainvestment.com:9443/uapi/domestic-stock/v1/quotations/inquire-price?fid_cond_mrkt_div_code=J&fid_input_iscd=036030
2026-04-14 11:18:32,697 INFO [11:18:32] 현재가 4980원  예상 순손익 +10원 (+0.19%)  목표 5021원
2026-04-14 11:19:04,954 INFO [11:19:02] 현재가 4980원  예상 순손익 +10원 (+0.19%)  목표 5021원
2026-04-14 11:19:35,269 INFO [11:19:34] 현재가 4980원  예상 순손익 +10원 (+0.19%)  목표 5021원
2026-04-14 11:20:05,886 INFO [11:20:05] 현재가 4980원  예상 순손익 +10원 (+0.19%)  목표 5021원
2026-04-14 11:20:39,154 INFO [11:20:35] 현재가 4977원  예상 순손익 +7원 (+0.13%)  목표 5021원
2026-04-14 11:21:13,692 INFO [11:21:09] 현재가 4977원  예상 순손익 +7원 (+0.13%)  목표 5021원
2026-04-14 12:24:25,136 INFO [12:24:18] 현재가 4980원  예상 순손익 +10원 (+0.19%)  목표 5021원
2026-04-14 12:24:56,526 INFO [12:24:55] 현재가 4980원  예상 순손익 +10원 (+0.19%)  목표 5021원
2026-04-14 12:25:27,315 INFO [12:25:26] 현재가 4975원  예상 순손익 +5원 (+0.09%)  목표 5021원
2026-04-14 12:25:58,133 INFO [12:25:57] 현재가 4980원  예상 순손익 +10원 (+0.19%)  목표 5021원
2026-04-14 12:26:29,194 INFO [12:26:28] 현재가 4980원  예상 순손익 +10원 (+0.19%)  목표 5021원
2026-04-14 12:27:00,018 INFO [12:26:59] 현재가 4980원  예상 순손익 +10원 (+0.19%)  목표 5021원
2026-04-14 12:27:32,432 INFO [12:27:30] 현재가 4980원  예상 순손익 +10원 (+0.19%)  목표 5021원
2026-04-14 12:28:03,353 INFO [12:28:02] 현재가 4980원  예상 순손익 +10원 (+0.19%)  목표 5021원
2026-04-14 12:28:35,111 INFO [12:28:33] 현재가 4980원  예상 순손익 +10원 (+0.19%)  목표 5021원
2026-04-14 12:29:05,913 INFO [12:29:05] 현재가 4980원  예상 순손익 +10원 (+0.19%)  목표 5021원
2026-04-14 12:29:37,084 INFO [12:29:35] 현재가 4980원  예상 순손익 +10원 (+0.19%)  목표 5021원
2026-04-14 12:30:11,602 INFO [12:30:07] 현재가 4980원  예상 순손익 +10원 (+0.19%)  목표 5021원
2026-04-14 12:30:44,177 INFO [12:30:41] 현재가 4980원  예상 순손익 +10원 (+0.19%)  목표 5021원
2026-04-14 12:31:16,449 INFO [12:31:14] 현재가 4980원  예상 순손익 +10원 (+0.19%)  목표 5021원
2026-04-14 12:31:47,809 INFO [12:31:46] 현재가 4980원  예상 순손익 +10원 (+0.19%)  목표 5021원
2026-04-14 12:32:18,794 INFO [12:32:17] 현재가 4980원  예상 순손익 +10원 (+0.19%)  목표 5021원
2026-04-14 12:32:49,781 INFO [12:32:48] 현재가 4980원  예상 순손익 +10원 (+0.19%)  목표 5021원
2026-04-14 12:33:21,576 INFO [12:33:19] 현재가 4980원  예상 순손익 +10원 (+0.19%)  목표 5021원
2026-04-14 12:33:52,419 INFO [12:33:51] 현재가 4975원  예상 순손익 +5원 (+0.09%)  목표 5021원
2026-04-14 12:34:25,051 INFO [12:34:22] 현재가 4975원  예상 순손익 +5원 (+0.09%)  목표 5021원
2026-04-14 12:34:58,763 INFO [12:34:55] 현재가 4975원  예상 순손익 +5원 (+0.09%)  목표 5021원
2026-04-14 12:35:30,093 INFO [12:35:28] 현재가 4975원  예상 순손익 +5원 (+0.09%)  목표 5021원
2026-04-14 12:36:02,170 INFO [12:36:00] 현재가 4975원  예상 순손익 +5원 (+0.09%)  목표 5021원
2026-04-14 12:36:32,992 INFO [12:36:32] 현재가 4975원  예상 순손익 +5원 (+0.09%)  목표 5021원
2026-04-14 12:37:04,347 INFO [12:37:02] 현재가 4975원  예상 순손익 +5원 (+0.09%)  목표 5021원
2026-04-14 12:37:35,238 INFO [12:37:34] 현재가 4975원  예상 순손익 +5원 (+0.09%)  목표 5021원
2026-04-14 12:38:06,280 INFO [12:38:05] 현재가 4975원  예상 순손익 +5원 (+0.09%)  목표 5021원
2026-04-14 12:38:39,191 INFO [12:38:36] 현재가 4975원  예상 순손익 +5원 (+0.09%)  목표 5021원
2026-04-14 12:39:14,347 INFO [12:39:09] 현재가 4975원  예상 순손익 +5원 (+0.09%)  목표 5021원
2026-04-14 12:39:45,224 INFO [12:39:44] 현재가 4975원  예상 순손익 +5원 (+0.09%)  목표 5021원
2026-04-14 12:40:16,263 INFO [12:40:15] 현재가 4975원  예상 순손익 +5원 (+0.09%)  목표 5021원
2026-04-14 12:40:47,045 INFO [12:40:46] 현재가 4975원  예상 순손익 +5원 (+0.09%)  목표 5021원
2026-04-14 12:41:18,692 INFO [12:41:17] 현재가 4975원  예상 순손익 +5원 (+0.09%)  목표 5021원
2026-04-14 12:41:49,646 INFO [12:41:48] 현재가 4975원  예상 순손익 +5원 (+0.09%)  목표 5021원
2026-04-14 12:42:20,489 INFO [12:42:19] 현재가 4975원  예상 순손익 +5원 (+0.09%)  목표 5021원
2026-04-14 12:42:51,315 INFO [12:42:50] 현재가 4975원  예상 순손익 +5원 (+0.09%)  목표 5021원
2026-04-14 12:43:22,637 INFO [12:43:21] 현재가 4975원  예상 순손익 +5원 (+0.09%)  목표 5021원
2026-04-14 12:43:53,406 INFO [12:43:52] 현재가 4975원  예상 순손익 +5원 (+0.09%)  목표 5021원
2026-04-14 12:44:25,232 INFO [12:44:23] 현재가 4975원  예상 순손익 +5원 (+0.09%)  목표 5021원
2026-04-14 12:44:57,419 INFO [12:44:55] 현재가 4980원  예상 순손익 +10원 (+0.19%)  목표 5021원
2026-04-14 12:45:28,769 INFO [12:45:27] 현재가 4980원  예상 순손익 +10원 (+0.19%)  목표 5021원
2026-04-14 12:46:03,456 ERROR 오류: 500 Server Error: Internal Server Error for url: https://openapi.koreainvestment.com:9443/uapi/domestic-stock/v1/quotations/inquire-price?fid_cond_mrkt_div_code=J&fid_input_iscd=036030
2026-04-14 12:47:05,454 INFO [12:47:03] 현재가 4980원  예상 순손익 +10원 (+0.19%)  목표 5021원
2026-04-14 12:47:36,371 INFO [12:47:35] 현재가 4980원  예상 순손익 +10원 (+0.19%)  목표 5021원
2026-04-14 12:48:07,264 INFO [12:48:06] 현재가 4980원  예상 순손익 +10원 (+0.19%)  목표 5021원
2026-04-14 12:48:41,154 INFO [12:48:37] 현재가 4980원  예상 순손익 +10원 (+0.19%)  목표 5021원
2026-04-14 12:49:16,633 INFO [12:49:11] 현재가 4980원  예상 순손익 +10원 (+0.19%)  목표 5021원
2026-04-14 12:49:51,312 INFO [12:49:46] 현재가 4980원  예상 순손익 +10원 (+0.19%)  목표 5021원
2026-04-14 12:50:22,834 INFO [12:50:21] 현재가 4975원  예상 순손익 +5원 (+0.09%)  목표 5021원
2026-04-14 12:50:53,635 INFO [12:50:52] 현재가 4975원  예상 순손익 +5원 (+0.09%)  목표 5021원
2026-04-14 12:51:29,450 INFO [12:51:23] 현재가 4975원  예상 순손익 +5원 (+0.09%)  목표 5021원
2026-04-14 12:52:01,421 INFO [12:51:59] 현재가 4975원  예상 순손익 +5원 (+0.09%)  목표 5021원
2026-04-14 12:52:32,234 INFO [12:52:31] 현재가 4975원  예상 순손익 +5원 (+0.09%)  목표 5021원
2026-04-14 12:53:04,291 INFO [12:53:02] 현재가 4975원  예상 순손익 +5원 (+0.09%)  목표 5021원
2026-04-14 12:53:35,855 INFO [12:53:34] 현재가 4975원  예상 순손익 +5원 (+0.09%)  목표 5021원
2026-04-14 12:54:12,628 INFO [12:54:05] 현재가 4975원  예상 순손익 +5원 (+0.09%)  목표 5021원
2026-04-14 12:54:44,198 INFO [12:54:42] 현재가 4975원  예상 순손익 +5원 (+0.09%)  목표 5021원
2026-04-14 12:55:15,125 INFO [12:55:14] 현재가 4975원  예상 순손익 +5원 (+0.09%)  목표 5021원
2026-04-14 12:55:47,756 INFO [12:55:45] 현재가 4975원  예상 순손익 +5원 (+0.09%)  목표 5021원
2026-04-14 12:56:22,069 INFO [12:56:17] 현재가 4975원  예상 순손익 +5원 (+0.09%)  목표 5021원
2026-04-14 12:56:53,425 INFO [12:56:52] 현재가 4975원  예상 순손익 +5원 (+0.09%)  목표 5021원
2026-04-14 12:57:26,951 INFO [12:57:23] 현재가 4975원  예상 순손익 +5원 (+0.09%)  목표 5021원
2026-04-14 12:57:58,495 INFO [12:57:56] 현재가 4975원  예상 순손익 +5원 (+0.09%)  목표 5021원
2026-04-14 12:58:29,417 INFO [12:58:28] 현재가 4975원  예상 순손익 +5원 (+0.09%)  목표 5021원
2026-04-14 12:59:01,365 INFO [12:58:59] 현재가 4975원  예상 순손익 +5원 (+0.09%)  목표 5021원
2026-04-14 12:59:32,263 INFO [12:59:31] 현재가 4975원  예상 순손익 +5원 (+0.09%)  목표 5021원
2026-04-14 13:00:04,867 INFO [13:00:02] 현재가 4975원  예상 순손익 +5원 (+0.09%)  목표 5021원
2026-04-14 13:00:36,545 INFO [13:00:34] 현재가 4975원  예상 순손익 +5원 (+0.09%)  목표 5021원
2026-04-14 13:01:08,131 INFO [13:01:06] 현재가 4975원  예상 순손익 +5원 (+0.09%)  목표 5021원
2026-04-14 13:01:41,758 INFO [13:01:38] 현재가 4975원  예상 순손익 +5원 (+0.09%)  목표 5021원
2026-04-14 13:02:15,437 INFO [13:02:11] 현재가 4975원  예상 순손익 +5원 (+0.09%)  목표 5021원
2026-04-14 13:02:46,289 INFO [13:02:45] 현재가 4975원  예상 순손익 +5원 (+0.09%)  목표 5021원
2026-04-14 13:03:17,516 INFO [13:03:16] 현재가 4975원  예상 순손익 +5원 (+0.09%)  목표 5021원
2026-04-14 13:03:51,294 INFO [13:03:47] 현재가 4975원  예상 순손익 +5원 (+0.09%)  목표 5021원
2026-04-14 13:04:25,091 INFO [13:04:21] 현재가 4975원  예상 순손익 +5원 (+0.09%)  목표 5021원
2026-04-14 13:04:55,412 INFO [13:04:55] 현재가 4975원  예상 순손익 +5원 (+0.09%)  목표 5021원
2026-04-14 13:05:26,289 INFO [13:05:25] 현재가 4975원  예상 순손익 +5원 (+0.09%)  목표 5021원
2026-04-14 13:05:57,526 INFO [13:05:56] 현재가 4975원  예상 순손익 +5원 (+0.09%)  목표 5021원
2026-04-14 13:06:30,157 INFO [13:06:27] 현재가 4975원  예상 순손익 +5원 (+0.09%)  목표 5021원
2026-04-14 13:07:00,798 INFO [13:07:00] 현재가 4975원  예상 순손익 +5원 (+0.09%)  목표 5021원
2026-04-14 13:07:32,715 INFO [13:07:30] 현재가 4975원  예상 순손익 +5원 (+0.09%)  목표 5021원
2026-04-14 13:08:03,199 INFO [13:08:02] 현재가 4975원  예상 순손익 +5원 (+0.09%)  목표 5021원
2026-04-14 13:08:35,997 INFO [13:08:33] 현재가 4975원  예상 순손익 +5원 (+0.09%)  목표 5021원
2026-04-14 13:09:09,029 INFO [13:09:05] 현재가 4975원  예상 순손익 +5원 (+0.09%)  목표 5021원
2026-04-14 13:09:39,488 INFO [13:09:39] 현재가 4975원  예상 순손익 +5원 (+0.09%)  목표 5021원
2026-04-14 13:10:09,891 INFO [13:10:09] 현재가 4975원  예상 순손익 +5원 (+0.09%)  목표 5021원
2026-04-14 13:10:40,324 INFO [13:10:39] 현재가 4975원  예상 순손익 +5원 (+0.09%)  목표 5021원
2026-04-14 13:11:10,694 INFO [13:11:10] 현재가 4975원  예상 순손익 +5원 (+0.09%)  목표 5021원
2026-04-14 13:11:41,834 INFO [13:11:40] 현재가 4975원  예상 순손익 +5원 (+0.09%)  목표 5021원
2026-04-14 13:12:12,394 INFO [13:12:11] 현재가 4975원  예상 순손익 +5원 (+0.09%)  목표 5021원
2026-04-14 13:12:46,400 INFO [13:12:42] 현재가 4975원  예상 순손익 +5원 (+0.09%)  목표 5021원
2026-04-14 13:13:21,020 INFO [13:13:16] 현재가 4975원  예상 순손익 +5원 (+0.09%)  목표 5021원
2026-04-14 13:13:52,425 INFO [13:13:51] 현재가 4975원  예상 순손익 +5원 (+0.09%)  목표 5021원
2026-04-14 13:14:23,573 INFO [13:14:22] 현재가 4975원  예상 순손익 +5원 (+0.09%)  목표 5021원
2026-04-14 13:14:56,036 INFO [13:14:53] 현재가 4975원  예상 순손익 +5원 (+0.09%)  목표 5021원
2026-04-14 13:15:29,726 INFO [13:15:26] 현재가 4975원  예상 순손익 +5원 (+0.09%)  목표 5021원
2026-04-14 13:16:01,108 INFO [13:15:59] 현재가 4975원  예상 순손익 +5원 (+0.09%)  목표 5021원
2026-04-14 13:16:34,746 INFO [13:16:31] 현재가 4975원  예상 순손익 +5원 (+0.09%)  목표 5021원
2026-04-14 13:17:08,025 INFO [13:17:04] 현재가 4975원  예상 순손익 +5원 (+0.09%)  목표 5021원
2026-04-14 13:17:38,852 INFO [13:17:38] 현재가 4975원  예상 순손익 +5원 (+0.09%)  목표 5021원
2026-04-14 13:18:14,057 INFO [13:18:08] 현재가 4975원  예상 순손익 +5원 (+0.09%)  목표 5021원
2026-04-14 13:18:47,143 INFO [13:18:44] 현재가 4975원  예상 순손익 +5원 (+0.09%)  목표 5021원
2026-04-14 13:19:18,884 INFO [13:19:17] 현재가 4975원  예상 순손익 +5원 (+0.09%)  목표 5021원
2026-04-14 13:19:49,249 INFO [13:19:48] 현재가 4975원  예상 순손익 +5원 (+0.09%)  목표 5021원
2026-04-14 13:20:21,381 INFO [13:20:19] 현재가 4975원  예상 순손익 +5원 (+0.09%)  목표 5021원
2026-04-14 13:20:51,707 INFO [13:20:51] 현재가 4975원  예상 순손익 +5원 (+0.09%)  목표 5021원
2026-04-14 13:21:26,710 INFO [13:21:21] 현재가 4975원  예상 순손익 +5원 (+0.09%)  목표 5021원
2026-04-14 13:21:58,946 INFO [13:21:56] 현재가 4975원  예상 순손익 +5원 (+0.09%)  목표 5021원
2026-04-14 13:22:33,038 INFO [13:22:28] 현재가 4975원  예상 순손익 +5원 (+0.09%)  목표 5021원
2026-04-14 13:23:03,958 INFO [13:23:03] 현재가 4975원  예상 순손익 +5원 (+0.09%)  목표 5021원
2026-04-14 13:23:34,804 INFO [13:23:33] 현재가 4975원  예상 순손익 +5원 (+0.09%)  목표 5021원
2026-04-14 13:24:05,196 INFO [13:24:04] 현재가 4975원  예상 순손익 +5원 (+0.09%)  목표 5021원
2026-04-14 13:24:36,089 INFO [13:24:35] 현재가 4975원  예상 순손익 +5원 (+0.09%)  목표 5021원
2026-04-14 13:25:06,454 INFO [13:25:06] 현재가 4975원  예상 순손익 +5원 (+0.09%)  목표 5021원
2026-04-14 13:25:40,338 INFO [13:25:36] 현재가 4975원  예상 순손익 +5원 (+0.09%)  목표 5021원
2026-04-14 13:26:11,454 INFO [13:26:10] 현재가 4975원  예상 순손익 +5원 (+0.09%)  목표 5021원
2026-04-14 13:26:43,519 INFO [13:26:41] 현재가 4975원  예상 순손익 +5원 (+0.09%)  목표 5021원
2026-04-14 13:27:14,945 INFO [13:27:13] 현재가 4975원  예상 순손익 +5원 (+0.09%)  목표 5021원
2026-04-14 13:27:46,382 INFO [13:27:44] 현재가 4975원  예상 순손익 +5원 (+0.09%)  목표 5021원
2026-04-14 13:28:17,003 INFO [13:28:16] 현재가 4975원  예상 순손익 +5원 (+0.09%)  목표 5021원
2026-04-14 13:28:48,214 INFO [13:28:47] 현재가 4975원  예상 순손익 +5원 (+0.09%)  목표 5021원
2026-04-14 13:29:18,582 INFO [13:29:18] 현재가 4975원  예상 순손익 +5원 (+0.09%)  목표 5021원
2026-04-14 13:29:52,056 INFO [13:29:48] 현재가 4975원  예상 순손익 +5원 (+0.09%)  목표 5021원
2026-04-14 13:30:23,389 INFO [13:30:22] 현재가 4975원  예상 순손익 +5원 (+0.09%)  목표 5021원
2026-04-14 13:30:54,886 INFO [13:30:53] 현재가 4975원  예상 순손익 +5원 (+0.09%)  목표 5021원
2026-04-14 13:31:26,644 INFO [13:31:24] 현재가 4975원  예상 순손익 +5원 (+0.09%)  목표 5021원
2026-04-14 13:31:57,019 INFO [13:31:56] 현재가 4975원  예상 순손익 +5원 (+0.09%)  목표 5021원
2026-04-14 13:32:28,750 INFO [13:32:27] 현재가 4975원  예상 순손익 +5원 (+0.09%)  목표 5021원
2026-04-14 13:32:59,501 INFO [13:32:58] 현재가 4975원  예상 순손익 +5원 (+0.09%)  목표 5021원
2026-04-14 13:33:30,381 INFO [13:33:29] 현재가 4975원  예상 순손익 +5원 (+0.09%)  목표 5021원
2026-04-14 13:34:07,612 INFO [13:34:00] 현재가 4975원  예상 순손익 +5원 (+0.09%)  목표 5021원
2026-04-14 13:34:38,605 INFO [13:34:37] 현재가 4975원  예상 순손익 +5원 (+0.09%)  목표 5021원
2026-04-14 13:35:11,096 INFO [13:35:08] 현재가 4975원  예상 순손익 +5원 (+0.09%)  목표 5021원
2026-04-14 13:35:44,376 INFO [13:35:41] 현재가 4975원  예상 순손익 +5원 (+0.09%)  목표 5021원
2026-04-14 13:36:16,280 INFO [13:36:14] 현재가 4975원  예상 순손익 +5원 (+0.09%)  목표 5021원
2026-04-14 13:36:47,965 INFO [13:36:46] 현재가 4975원  예상 순손익 +5원 (+0.09%)  목표 5021원
2026-04-14 13:37:19,913 INFO [13:37:17] 현재가 4975원  예상 순손익 +5원 (+0.09%)  목표 5021원
2026-04-14 13:37:50,265 INFO [13:37:49] 현재가 4975원  예상 순손익 +5원 (+0.09%)  목표 5021원
2026-04-14 13:38:23,878 INFO [13:38:20] 현재가 4975원  예상 순손익 +5원 (+0.09%)  목표 5021원
2026-04-14 13:38:54,312 INFO [13:38:53] 현재가 4975원  예상 순손익 +5원 (+0.09%)  목표 5021원
2026-04-14 13:39:28,332 INFO [13:39:24] 현재가 4975원  예상 순손익 +5원 (+0.09%)  목표 5021원
2026-04-14 13:39:58,669 INFO [13:39:58] 현재가 4980원  예상 순손익 +10원 (+0.19%)  목표 5021원
2026-04-14 13:40:30,886 INFO [13:40:28] 현재가 4980원  예상 순손익 +10원 (+0.19%)  목표 5021원
2026-04-14 13:41:02,371 INFO [13:41:00] 현재가 4980원  예상 순손익 +10원 (+0.19%)  목표 5021원
2026-04-14 13:41:33,215 INFO [13:41:32] 현재가 4980원  예상 순손익 +10원 (+0.19%)  목표 5021원
2026-04-14 13:42:04,254 INFO [13:42:03] 현재가 4980원  예상 순손익 +10원 (+0.19%)  목표 5021원
2026-04-14 13:42:37,555 INFO [13:42:34] 현재가 4980원  예상 순손익 +10원 (+0.19%)  목표 5021원
2026-04-14 13:43:10,046 INFO [13:43:07] 현재가 4980원  예상 순손익 +10원 (+0.19%)  목표 5021원
2026-04-14 13:43:42,479 INFO [13:43:40] 현재가 4980원  예상 순손익 +10원 (+0.19%)  목표 5021원
2026-04-14 13:44:16,368 INFO [13:44:12] 현재가 4980원  예상 순손익 +10원 (+0.19%)  목표 5021원
2026-04-14 13:44:49,138 INFO [13:44:46] 현재가 4980원  예상 순손익 +10원 (+0.19%)  목표 5021원
2026-04-14 13:45:22,861 INFO [13:45:19] 현재가 4980원  예상 순손익 +10원 (+0.19%)  목표 5021원
2026-04-14 13:45:53,338 INFO [13:45:52] 현재가 4980원  예상 순손익 +10원 (+0.19%)  목표 5021원
2026-04-14 13:46:23,969 INFO [13:46:23] 현재가 4980원  예상 순손익 +10원 (+0.19%)  목표 5021원
2026-04-14 13:46:55,701 INFO [13:46:53] 현재가 4980원  예상 순손익 +10원 (+0.19%)  목표 5021원
2026-04-14 13:47:26,525 INFO [13:47:25] 현재가 4980원  예상 순손익 +10원 (+0.19%)  목표 5021원
2026-04-14 13:47:58,269 INFO [13:47:56] 현재가 4980원  예상 순손익 +10원 (+0.19%)  목표 5021원
2026-04-14 13:48:28,900 INFO [13:48:28] 현재가 4980원  예상 순손익 +10원 (+0.19%)  목표 5021원
2026-04-14 13:48:59,256 INFO [13:48:58] 현재가 4980원  예상 순손익 +10원 (+0.19%)  목표 5021원
2026-04-14 13:49:32,167 INFO [13:49:29] 현재가 4980원  예상 순손익 +10원 (+0.19%)  목표 5021원
2026-04-14 13:50:03,249 INFO [13:50:02] 현재가 4980원  예상 순손익 +10원 (+0.19%)  목표 5021원
2026-04-14 13:50:34,077 INFO [13:50:33] 현재가 4980원  예상 순손익 +10원 (+0.19%)  목표 5021원
2026-04-14 13:51:06,533 INFO [13:51:04] 현재가 4980원  예상 순손익 +10원 (+0.19%)  목표 5021원
2026-04-14 13:51:39,348 INFO [13:51:36] 현재가 4980원  예상 순손익 +10원 (+0.19%)  목표 5021원
2026-04-14 13:52:10,064 INFO [13:52:09] 현재가 4980원  예상 순손익 +10원 (+0.19%)  목표 5021원
2026-04-14 13:52:40,404 INFO [13:52:40] 현재가 4980원  예상 순손익 +10원 (+0.19%)  목표 5021원
2026-04-14 13:53:10,793 INFO [13:53:10] 현재가 4980원  예상 순손익 +10원 (+0.19%)  목표 5021원
2026-04-14 13:53:41,137 INFO [13:53:40] 현재가 4980원  예상 순손익 +10원 (+0.19%)  목표 5021원
2026-04-14 13:54:11,506 INFO [13:54:11] 현재가 4980원  예상 순손익 +10원 (+0.19%)  목표 5021원
2026-04-14 13:54:41,889 INFO [13:54:41] 현재가 4980원  예상 순손익 +10원 (+0.19%)  목표 5021원
2026-04-14 13:55:12,953 INFO [13:55:11] 현재가 4980원  예상 순손익 +10원 (+0.19%)  목표 5021원
2026-04-14 13:55:43,444 INFO [13:55:42] 현재가 4980원  예상 순손익 +10원 (+0.19%)  목표 5021원
2026-04-14 13:56:14,085 INFO [13:56:13] 현재가 4980원  예상 순손익 +10원 (+0.19%)  목표 5021원
2026-04-14 13:56:45,438 INFO [13:56:44] 현재가 4980원  예상 순손익 +10원 (+0.19%)  목표 5021원
2026-04-14 13:57:16,447 INFO [13:57:15] 현재가 4980원  예상 순손익 +10원 (+0.19%)  목표 5021원
2026-04-14 13:57:47,957 INFO [13:57:46] 현재가 4980원  예상 순손익 +10원 (+0.19%)  목표 5021원
2026-04-14 13:58:18,348 INFO [13:58:17] 현재가 4980원  예상 순손익 +10원 (+0.19%)  목표 5021원
2026-04-14 13:58:48,699 INFO [13:58:48] 현재가 4980원  예상 순손익 +10원 (+0.19%)  목표 5021원
2026-04-14 13:59:19,527 INFO [13:59:18] 현재가 4980원  예상 순손익 +10원 (+0.19%)  목표 5021원
2026-04-14 13:59:49,860 INFO [13:59:49] 현재가 4980원  예상 순손익 +10원 (+0.19%)  목표 5021원
2026-04-14 14:00:21,499 INFO [14:00:19] 현재가 4980원  예상 순손익 +10원 (+0.19%)  목표 5021원
2026-04-14 14:00:52,609 INFO [14:00:51] 현재가 4980원  예상 순손익 +10원 (+0.19%)  목표 5021원
2026-04-14 14:01:23,532 INFO [14:01:22] 현재가 4980원  예상 순손익 +10원 (+0.19%)  목표 5021원
2026-04-14 14:01:53,997 INFO [14:01:53] 현재가 4980원  예상 순손익 +10원 (+0.19%)  목표 5021원
2026-04-14 14:02:24,550 INFO [14:02:23] 현재가 4980원  예상 순손익 +10원 (+0.19%)  목표 5021원
2026-04-14 14:02:55,039 INFO [14:02:54] 현재가 4980원  예상 순손익 +10원 (+0.19%)  목표 5021원
2026-04-14 14:03:27,219 INFO [14:03:25] 현재가 4980원  예상 순손익 +10원 (+0.19%)  목표 5021원
2026-04-14 14:03:58,563 INFO [14:03:57] 현재가 4980원  예상 순손익 +10원 (+0.19%)  목표 5021원
2026-04-14 14:04:30,614 INFO [14:04:28] 현재가 4985원  예상 순손익 +15원 (+0.29%)  목표 5021원
2026-04-14 14:05:01,145 INFO [14:05:00] 현재가 4985원  예상 순손익 +15원 (+0.29%)  목표 5021원
2026-04-14 14:05:31,522 INFO [14:05:31] 현재가 4985원  예상 순손익 +15원 (+0.29%)  목표 5021원
2026-04-14 14:06:02,026 INFO [14:06:01] 현재가 4985원  예상 순손익 +15원 (+0.29%)  목표 5021원
2026-04-14 14:06:32,534 INFO [14:06:32] 현재가 4985원  예상 순손익 +15원 (+0.29%)  목표 5021원
2026-04-14 14:07:03,904 INFO [14:07:02] 현재가 4985원  예상 순손익 +15원 (+0.29%)  목표 5021원
2026-04-14 14:07:38,164 INFO [14:07:33] 현재가 4985원  예상 순손익 +15원 (+0.29%)  목표 5021원
2026-04-14 14:08:08,724 INFO [14:08:08] 현재가 4985원  예상 순손익 +15원 (+0.29%)  목표 5021원
2026-04-14 14:08:40,096 INFO [14:08:38] 현재가 4985원  예상 순손익 +15원 (+0.29%)  목표 5021원
2026-04-14 14:09:12,314 INFO [14:09:10] 현재가 4995원  예상 순손익 +25원 (+0.49%)  목표 5021원
2026-04-14 14:09:43,125 INFO [14:09:42] 현재가 5000원  예상 순손익 +30원 (+0.59%)  목표 5021원
2026-04-14 14:10:14,463 INFO [14:10:13] 현재가 5000원  예상 순손익 +30원 (+0.59%)  목표 5021원
2026-04-14 14:10:46,095 INFO [14:10:44] 현재가 5000원  예상 순손익 +30원 (+0.59%)  목표 5021원
2026-04-14 14:11:17,548 INFO [14:11:16] 현재가 5000원  예상 순손익 +30원 (+0.59%)  목표 5021원
2026-04-14 14:11:48,373 INFO [14:11:47] 현재가 5000원  예상 순손익 +30원 (+0.59%)  목표 5021원
2026-04-14 14:12:20,419 INFO [14:12:18] 현재가 5000원  예상 순손익 +30원 (+0.59%)  목표 5021원
2026-04-14 14:12:52,371 INFO [14:12:50] 현재가 5000원  예상 순손익 +30원 (+0.59%)  목표 5021원
2026-04-14 14:13:24,113 ERROR 오류: 500 Server Error: Internal Server Error for url: https://openapi.koreainvestment.com:9443/uapi/domestic-stock/v1/quotations/inquire-price?fid_cond_mrkt_div_code=J&fid_input_iscd=036030
2026-04-14 14:14:24,511 INFO [14:14:24] 현재가 5000원  예상 순손익 +30원 (+0.59%)  목표 5021원
2026-04-14 14:14:54,837 INFO [14:14:54] 현재가 5000원  예상 순손익 +30원 (+0.59%)  목표 5021원
2026-04-14 14:15:26,687 INFO [14:15:24] 현재가 5000원  예상 순손익 +30원 (+0.59%)  목표 5021원
2026-04-14 14:15:59,861 INFO [14:15:56] 현재가 4995원  예상 순손익 +25원 (+0.49%)  목표 5021원
2026-04-14 14:16:30,957 INFO [14:16:29] 현재가 4995원  예상 순손익 +25원 (+0.49%)  목표 5021원
2026-04-14 14:17:03,777 INFO [14:17:00] 현재가 4995원  예상 순손익 +25원 (+0.49%)  목표 5021원
2026-04-14 14:17:34,187 INFO [14:17:33] 현재가 4995원  예상 순손익 +25원 (+0.49%)  목표 5021원
2026-04-14 14:18:04,634 INFO [14:18:04] 현재가 4995원  예상 순손익 +25원 (+0.49%)  목표 5021원
2026-04-14 14:18:35,054 INFO [14:18:34] 현재가 4995원  예상 순손익 +25원 (+0.49%)  목표 5021원
2026-04-14 14:19:06,946 INFO [14:19:05] 현재가 4995원  예상 순손익 +25원 (+0.49%)  목표 5021원
2026-04-14 14:19:37,349 INFO [14:19:36] 현재가 4995원  예상 순손익 +25원 (+0.49%)  목표 5021원
2026-04-14 14:20:09,101 INFO [14:20:07] 현재가 4995원  예상 순손익 +25원 (+0.49%)  목표 5021원
2026-04-14 14:23:00,362 ERROR 오류: HTTPSConnectionPool(host='openapi.koreainvestment.com', port=9443): Max retries exceeded with url: /uapi/domestic-stock/v1/quotations/inquire-price?fid_cond_mrkt_div_code=J&fid_input_iscd=036030 (Caused by NameResolutionError("HTTPSConnection(host='openapi.koreainvestment.com', port=9443): Failed to resolve 'openapi.koreainvestment.com' ([Errno 11001] getaddrinfo failed)"))
2026-04-14 14:24:01,341 ERROR 오류: 500 Server Error: Internal Server Error for url: https://openapi.koreainvestment.com:9443/uapi/domestic-stock/v1/quotations/inquire-price?fid_cond_mrkt_div_code=J&fid_input_iscd=036030
2026-04-14 14:25:02,261 INFO [14:25:01] 현재가 4995원  예상 순손익 +25원 (+0.49%)  목표 5021원
2026-04-14 14:25:32,620 INFO [14:25:32] 현재가 4995원  예상 순손익 +25원 (+0.49%)  목표 5021원
2026-04-14 14:26:04,219 INFO [14:26:02] 현재가 4995원  예상 순손익 +25원 (+0.49%)  목표 5021원
2026-04-14 14:26:34,730 INFO [14:26:34] 현재가 4995원  예상 순손익 +25원 (+0.49%)  목표 5021원
2026-04-14 14:27:06,077 INFO [14:27:04] 현재가 4995원  예상 순손익 +25원 (+0.49%)  목표 5021원
2026-04-14 14:27:37,086 INFO [14:27:36] 현재가 4995원  예상 순손익 +25원 (+0.49%)  목표 5021원
2026-04-14 14:28:10,520 INFO [14:28:07] 현재가 4995원  예상 순손익 +25원 (+0.49%)  목표 5021원
2026-04-14 14:28:42,567 INFO [14:28:40] 현재가 4995원  예상 순손익 +25원 (+0.49%)  목표 5021원
2026-04-14 14:29:13,505 INFO [14:29:12] 현재가 4995원  예상 순손익 +25원 (+0.49%)  목표 5021원
2026-04-14 14:29:45,305 INFO [14:29:43] 현재가 4995원  예상 순손익 +25원 (+0.49%)  목표 5021원
2026-04-14 14:30:18,889 INFO [14:30:15] 현재가 4995원  예상 순손익 +25원 (+0.49%)  목표 5021원
2026-04-14 14:30:49,606 INFO [14:30:48] 현재가 4995원  예상 순손익 +25원 (+0.49%)  목표 5021원
2026-04-14 14:31:19,938 INFO [14:31:19] 현재가 4995원  예상 순손익 +25원 (+0.49%)  목표 5021원
2026-04-14 14:31:50,375 INFO [14:31:49] 현재가 4995원  예상 순손익 +25원 (+0.49%)  목표 5021원
2026-04-14 14:32:22,789 INFO [14:32:20] 현재가 4995원  예상 순손익 +25원 (+0.49%)  목표 5021원
2026-04-14 14:32:54,738 INFO [14:32:52] 현재가 4995원  예상 순손익 +25원 (+0.49%)  목표 5021원
2026-04-14 14:33:26,372 INFO [14:33:24] 현재가 4995원  예상 순손익 +25원 (+0.49%)  목표 5021원
2026-04-14 14:33:57,611 INFO [14:33:56] 현재가 4995원  예상 순손익 +25원 (+0.49%)  목표 5021원
2026-04-14 14:34:29,150 INFO [14:34:27] 현재가 4995원  예상 순손익 +25원 (+0.49%)  목표 5021원
2026-04-14 14:34:59,502 INFO [14:34:59] 현재가 4995원  예상 순손익 +25원 (+0.49%)  목표 5021원
2026-04-14 14:35:32,431 INFO [14:35:29] 현재가 4995원  예상 순손익 +25원 (+0.49%)  목표 5021원
2026-04-14 14:36:03,429 INFO [14:36:02] 현재가 4995원  예상 순손익 +25원 (+0.49%)  목표 5021원
2026-04-14 14:36:35,750 INFO [14:36:33] 현재가 4995원  예상 순손익 +25원 (+0.49%)  목표 5021원
2026-04-14 14:37:06,111 ERROR 오류: 500 Server Error: Internal Server Error for url: https://openapi.koreainvestment.com:9443/uapi/domestic-stock/v1/quotations/inquire-price?fid_cond_mrkt_div_code=J&fid_input_iscd=036030
2026-04-14 14:38:06,952 INFO [14:38:06] 현재가 4995원  예상 순손익 +25원 (+0.49%)  목표 5021원
2026-04-14 14:38:41,565 INFO [14:38:36] 현재가 4995원  예상 순손익 +25원 (+0.49%)  목표 5021원
2026-04-14 14:39:13,748 INFO [14:39:11] 현재가 4995원  예상 순손익 +25원 (+0.49%)  목표 5021원
2026-04-14 14:39:44,067 INFO [14:39:43] 현재가 4995원  예상 순손익 +25원 (+0.49%)  목표 5021원
2026-04-14 14:40:16,418 INFO [14:40:14] 현재가 4995원  예상 순손익 +25원 (+0.49%)  목표 5021원
2026-04-14 14:40:47,502 INFO [14:40:46] 현재가 4995원  예상 순손익 +25원 (+0.49%)  목표 5021원
2026-04-14 14:41:19,059 INFO [14:41:17] 현재가 4995원  예상 순손익 +25원 (+0.49%)  목표 5021원
2026-04-14 14:41:51,003 INFO [14:41:49] 현재가 4995원  예상 순손익 +25원 (+0.49%)  목표 5021원
2026-04-14 14:42:22,706 INFO [14:42:21] 현재가 4995원  예상 순손익 +25원 (+0.49%)  목표 5021원
2026-04-14 14:42:54,626 INFO [14:42:52] 현재가 4995원  예상 순손익 +25원 (+0.49%)  목표 5021원
2026-04-14 14:43:26,300 INFO [14:43:24] 현재가 4995원  예상 순손익 +25원 (+0.49%)  목표 5021원
2026-04-14 14:43:57,714 INFO [14:43:56] 현재가 4995원  예상 순손익 +25원 (+0.49%)  목표 5021원
2026-04-14 14:44:28,041 INFO [14:44:27] 현재가 4992원  예상 순손익 +22원 (+0.43%)  목표 5021원
2026-04-14 14:44:58,364 INFO [14:44:58] 현재가 4992원  예상 순손익 +22원 (+0.43%)  목표 5021원
2026-04-14 14:45:28,938 INFO [14:45:28] 현재가 4992원  예상 순손익 +22원 (+0.43%)  목표 5021원
2026-04-14 14:46:01,255 INFO [14:45:58] 현재가 4992원  예상 순손익 +22원 (+0.43%)  목표 5021원
2026-04-14 14:46:32,206 INFO [14:46:31] 현재가 4992원  예상 순손익 +22원 (+0.43%)  목표 5021원
2026-04-14 14:47:02,823 INFO [14:47:02] 현재가 4992원  예상 순손익 +22원 (+0.43%)  목표 5021원
2026-04-14 14:47:34,637 INFO [14:47:32] 현재가 4992원  예상 순손익 +22원 (+0.43%)  목표 5021원
2026-04-14 14:48:06,606 INFO [14:48:04] 현재가 4992원  예상 순손익 +22원 (+0.43%)  목표 5021원
2026-04-14 14:48:38,424 INFO [14:48:36] 현재가 4992원  예상 순손익 +22원 (+0.43%)  목표 5021원
2026-04-14 14:49:09,032 INFO [14:49:08] 현재가 4992원  예상 순손익 +22원 (+0.43%)  목표 5021원
2026-04-14 14:49:39,361 INFO [14:49:39] 현재가 4995원  예상 순손익 +25원 (+0.49%)  목표 5021원
2026-04-14 14:50:10,289 INFO [14:50:09] 현재가 5000원  예상 순손익 +30원 (+0.59%)  목표 5021원
2026-04-14 14:50:42,540 INFO [14:50:40] 현재가 5000원  예상 순손익 +30원 (+0.59%)  목표 5021원
2026-04-14 14:51:14,584 INFO [14:51:12] 현재가 5000원  예상 순손익 +30원 (+0.59%)  목표 5021원
2026-04-14 14:51:47,704 INFO [14:51:44] 현재가 5000원  예상 순손익 +30원 (+0.59%)  목표 5021원
2026-04-14 14:52:18,957 INFO [14:52:17] 현재가 5002원  예상 순손익 +32원 (+0.64%)  목표 5021원
2026-04-14 14:52:49,277 INFO [14:52:48] 현재가 5002원  예상 순손익 +32원 (+0.64%)  목표 5021원
2026-04-14 14:53:21,186 INFO [14:53:19] 현재가 5010원  예상 순손익 +39원 (+0.80%)  목표 5021원
2026-04-14 14:53:51,544 INFO [14:53:51] 현재가 5010원  예상 순손익 +39원 (+0.80%)  목표 5021원
2026-04-14 14:54:26,526 INFO [14:54:21] 현재가 5010원  예상 순손익 +39원 (+0.80%)  목표 5021원
2026-04-14 14:54:58,517 INFO [14:54:56] 현재가 5010원  예상 순손익 +39원 (+0.80%)  목표 5021원
2026-04-14 14:55:30,706 INFO [14:55:28] 현재가 5010원  예상 순손익 +39원 (+0.80%)  목표 5021원
2026-04-14 14:56:02,240 INFO [14:56:00] 현재가 5010원  예상 순손익 +39원 (+0.80%)  목표 5021원
2026-04-14 14:56:33,370 INFO [14:56:32] 현재가 5010원  예상 순손익 +39원 (+0.80%)  목표 5021원
2026-04-14 14:57:04,174 INFO [14:57:03] 현재가 5010원  예상 순손익 +39원 (+0.80%)  목표 5021원
2026-04-14 14:57:35,722 INFO [14:57:34] 현재가 5010원  예상 순손익 +39원 (+0.80%)  목표 5021원
2026-04-14 14:58:07,594 INFO [14:58:05] 현재가 5010원  예상 순손익 +39원 (+0.80%)  목표 5021원
2026-04-14 14:58:38,626 INFO [14:58:37] 현재가 5010원  예상 순손익 +39원 (+0.80%)  목표 5021원
2026-04-14 14:59:09,905 INFO [14:59:08] 현재가 5010원  예상 순손익 +39원 (+0.80%)  목표 5021원
2026-04-14 14:59:43,143 INFO [14:59:39] 현재가 5010원  예상 순손익 +39원 (+0.80%)  목표 5021원
2026-04-14 15:00:15,719 INFO [15:00:13] 현재가 5010원  예상 순손익 +39원 (+0.80%)  목표 5021원
2026-04-14 15:00:47,157 INFO [15:00:45] 현재가 5010원  예상 순손익 +39원 (+0.80%)  목표 5021원
2026-04-14 15:01:18,659 INFO [15:01:17] 현재가 5010원  예상 순손익 +39원 (+0.80%)  목표 5021원
2026-04-14 15:01:49,540 INFO [15:01:48] 현재가 5010원  예상 순손익 +39원 (+0.80%)  목표 5021원
2026-04-14 15:02:21,619 INFO [15:02:19] 현재가 5010원  예상 순손익 +39원 (+0.80%)  목표 5021원
2026-04-14 15:02:52,659 INFO [15:02:51] 현재가 5010원  예상 순손익 +39원 (+0.80%)  목표 5021원
2026-04-14 15:03:25,738 INFO [15:03:22] 현재가 5010원  예상 순손익 +39원 (+0.80%)  목표 5021원
2026-04-14 15:03:57,141 INFO [15:03:55] 현재가 5010원  예상 순손익 +39원 (+0.80%)  목표 5021원
2026-04-14 15:04:29,959 INFO [15:04:27] 현재가 5010원  예상 순손익 +39원 (+0.80%)  목표 5021원
2026-04-14 15:05:00,929 INFO [15:04:59] 현재가 5010원  예상 순손익 +39원 (+0.80%)  목표 5021원
2026-04-14 15:05:31,281 INFO [15:05:30] 현재가 5010원  예상 순손익 +39원 (+0.80%)  목표 5021원
2026-04-14 15:06:02,227 INFO [15:06:01] 현재가 5010원  예상 순손익 +39원 (+0.80%)  목표 5021원
2026-04-14 15:06:32,569 INFO [15:06:32] 현재가 5010원  예상 순손익 +39원 (+0.80%)  목표 5021원
2026-04-14 15:07:03,431 INFO [15:07:02] 현재가 5015원  예상 순손익 +44원 (+0.90%)  목표 5021원
2026-04-14 15:07:35,350 INFO [15:07:33] 현재가 5015원  예상 순손익 +44원 (+0.90%)  목표 5021원
2026-04-14 15:08:05,723 INFO [15:08:05] 현재가 5015원  예상 순손익 +44원 (+0.90%)  목표 5021원
2026-04-14 15:08:36,684 INFO [15:08:35] 현재가 5015원  예상 순손익 +44원 (+0.90%)  목표 5021원
2026-04-14 15:09:07,467 INFO [15:09:06] 현재가 5015원  예상 순손익 +44원 (+0.90%)  목표 5021원
2026-04-14 15:09:38,388 INFO [15:09:37] 현재가 5015원  예상 순손익 +44원 (+0.90%)  목표 5021원
2026-04-14 15:10:09,767 INFO [15:10:08] 현재가 5015원  예상 순손익 +44원 (+0.90%)  목표 5021원
2026-04-14 15:10:41,148 INFO [15:10:39] 현재가 5015원  예상 순손익 +44원 (+0.90%)  목표 5021원
2026-04-14 15:11:12,273 INFO [15:11:11] 현재가 5015원  예상 순손익 +44원 (+0.90%)  목표 5021원
2026-04-14 15:11:42,615 INFO [15:11:42] 현재가 5015원  예상 순손익 +44원 (+0.90%)  목표 5021원
2026-04-14 15:12:13,539 INFO [15:12:12] 현재가 5015원  예상 순손익 +44원 (+0.90%)  목표 5021원
2026-04-14 15:12:45,298 INFO [15:12:43] 현재가 5015원  예상 순손익 +44원 (+0.90%)  목표 5021원
2026-04-14 15:13:18,177 INFO [15:13:15] 현재가 5030원  예상 순손익 +59원 (+1.20%)  목표 5021원
2026-04-14 15:13:18,177 INFO ★ 목표 도달! 시장가 매도 실행 (1주)
2026-04-14 15:13:20,300 ERROR 오류: 주문 실패 [SELL 036030 1주]: 주문 가능한 수량을 초과했습니다.
2026-04-14 15:14:21,144 INFO [15:14:20] 현재가 5015원  예상 순손익 +44원 (+0.90%)  목표 5021원
2026-04-14 15:14:52,083 INFO [15:14:51] 현재가 5015원  예상 순손익 +44원 (+0.90%)  목표 5021원
2026-04-14 15:15:22,420 INFO [15:15:22] 현재가 5015원  예상 순손익 +44원 (+0.90%)  목표 5021원
2026-04-14 15:15:55,113 INFO [15:15:52] 현재가 5030원  예상 순손익 +59원 (+1.20%)  목표 5021원
2026-04-14 15:15:55,113 INFO ★ 목표 도달! 시장가 매도 실행 (1주)
2026-04-14 15:16:00,233 ERROR 오류: 주문 실패 [SELL 036030 1주]: 주문 가능한 수량을 초과했습니다.
2026-04-14 15:17:00,617 INFO [15:17:00] 현재가 5030원  예상 순손익 +59원 (+1.20%)  목표 5021원
2026-04-14 15:17:00,617 INFO ★ 목표 도달! 시장가 매도 실행 (1주)
2026-04-14 15:17:01,543 ERROR 오류: 주문 실패 [SELL 036030 1주]: 주문 가능한 수량을 초과했습니다.
2026-04-14 15:18:02,370 INFO [15:18:01] 현재가 5020원  예상 순손익 +49원 (+1.00%)  목표 5021원
2026-04-14 15:18:33,779 INFO [15:18:32] 현재가 5030원  예상 순손익 +59원 (+1.20%)  목표 5021원
2026-04-14 15:18:33,779 INFO ★ 목표 도달! 시장가 매도 실행 (1주)
2026-04-14 15:18:34,697 ERROR 오류: 주문 실패 [SELL 036030 1주]: 주문 가능한 수량을 초과했습니다.
2026-04-14 15:19:35,667 INFO [15:19:34] 현재가 5030원  예상 순손익 +59원 (+1.20%)  목표 5021원
2026-04-14 15:19:35,667 INFO ★ 목표 도달! 시장가 매도 실행 (1주)
2026-04-14 15:19:36,617 ERROR 오류: 주문 실패 [SELL 036030 1주]: 주문 가능한 수량을 초과했습니다.
2026-04-14 15:20:38,072 INFO [15:20:36] 현재가 5030원  예상 순손익 +59원 (+1.20%)  목표 5021원
2026-04-14 15:20:38,072 INFO ★ 목표 도달! 시장가 매도 실행 (1주)
2026-04-14 15:20:38,477 ERROR 오류: 주문 실패 [SELL 036030 1주]: 주문 가능한 수량을 초과했습니다.
2026-04-14 15:21:43,148 INFO [15:21:38] 현재가 5030원  예상 순손익 +59원 (+1.20%)  목표 5021원
2026-04-14 15:21:43,149 INFO ★ 목표 도달! 시장가 매도 실행 (1주)
2026-04-14 15:21:43,953 ERROR 오류: 주문 실패 [SELL 036030 1주]: 주문 가능한 수량을 초과했습니다.
2026-04-14 15:22:47,444 INFO [15:22:43] 현재가 5030원  예상 순손익 +59원 (+1.20%)  목표 5021원
2026-04-14 15:22:47,446 INFO ★ 목표 도달! 시장가 매도 실행 (1주)
2026-04-14 15:22:47,797 ERROR 오류: 주문 실패 [SELL 036030 1주]: 주문 가능한 수량을 초과했습니다.
2026-04-14 15:23:48,847 INFO [15:23:47] 현재가 5030원  예상 순손익 +59원 (+1.20%)  목표 5021원
2026-04-14 15:23:48,848 INFO ★ 목표 도달! 시장가 매도 실행 (1주)
2026-04-14 15:23:49,811 ERROR 오류: 주문 실패 [SELL 036030 1주]: 주문 가능한 수량을 초과했습니다.
2026-04-14 15:24:51,995 INFO [15:24:49] 현재가 5030원  예상 순손익 +59원 (+1.20%)  목표 5021원
2026-04-14 15:24:51,995 INFO ★ 목표 도달! 시장가 매도 실행 (1주)
2026-04-14 15:24:52,810 ERROR 오류: 주문 실패 [SELL 036030 1주]: 주문 가능한 수량을 초과했습니다.
2026-04-14 15:25:53,983 INFO [15:25:52] 현재가 5030원  예상 순손익 +59원 (+1.20%)  목표 5021원
2026-04-14 15:25:53,983 INFO ★ 목표 도달! 시장가 매도 실행 (1주)
2026-04-14 15:25:56,175 ERROR 오류: 주문 실패 [SELL 036030 1주]: 주문 가능한 수량을 초과했습니다.
2026-04-14 15:26:56,997 INFO [15:26:56] 현재가 5030원  예상 순손익 +59원 (+1.20%)  목표 5021원
2026-04-14 15:26:56,998 INFO ★ 목표 도달! 시장가 매도 실행 (1주)
2026-04-14 15:26:57,815 ERROR 오류: 주문 실패 [SELL 036030 1주]: 주문 가능한 수량을 초과했습니다.
2026-04-14 15:27:58,616 INFO [15:27:57] 현재가 5030원  예상 순손익 +59원 (+1.20%)  목표 5021원
2026-04-14 15:27:58,617 INFO ★ 목표 도달! 시장가 매도 실행 (1주)
2026-04-14 15:27:59,388 ERROR 주문 HTTP 오류 500: {"rt_cd":"1","msg1":"초당 거래건수를 초과하였습니다.","msg_cd":"EGW00201","message":"EGW00201"}
2026-04-14 15:27:59,389 ERROR 오류: 500 Server Error: Internal Server Error for url: https://openapi.koreainvestment.com:9443/uapi/domestic-stock/v1/trading/order-cash
2026-04-14 15:29:00,319 INFO [15:28:59] 현재가 5030원  예상 순손익 +59원 (+1.20%)  목표 5021원
2026-04-14 15:29:00,319 INFO ★ 목표 도달! 시장가 매도 실행 (1주)
2026-04-14 15:29:01,221 ERROR 오류: 주문 실패 [SELL 036030 1주]: 주문 가능한 수량을 초과했습니다.
2026-04-14 15:30:01,847 INFO [15:30:01] 현재가 5030원  예상 순손익 +59원 (+1.20%)  목표 5021원
2026-04-14 15:30:01,847 INFO ★ 목표 도달! 시장가 매도 실행 (1주)
2026-04-14 15:30:02,735 ERROR 오류: 주문 실패 [SELL 036030 1주]: 주문 가능한 수량을 초과했습니다.
2026-04-14 15:31:03,347 INFO [15:31:02] 현재가 5030원  예상 순손익 +59원 (+1.20%)  목표 5021원
2026-04-14 15:31:03,347 INFO ★ 목표 도달! 시장가 매도 실행 (1주)
2026-04-14 15:31:03,982 ERROR 오류: 주문 실패 [SELL 036030 1주]: 장운영시간이 아닙니다.(장종료동시마감(129) 주문불가시간)
2026-04-14 15:32:05,186 INFO [15:32:03] 현재가 5030원  예상 순손익 +59원 (+1.20%)  목표 5021원
2026-04-14 15:32:05,186 INFO ★ 목표 도달! 시장가 매도 실행 (1주)
2026-04-14 15:32:06,205 ERROR 오류: 주문 실패 [SELL 036030 1주]: 장운영시간이 아닙니다.(장종료동시마감(129) 주문불가시간)
2026-04-14 15:33:06,811 INFO [15:33:06] 현재가 5030원  예상 순손익 +59원 (+1.20%)  목표 5021원
2026-04-14 15:33:06,811 INFO ★ 목표 도달! 시장가 매도 실행 (1주)
2026-04-14 15:33:07,461 ERROR 오류: 주문 실패 [SELL 036030 1주]: 장운영시간이 아닙니다.(장종료동시마감(129) 주문불가시간)
2026-04-14 15:34:08,057 INFO [15:34:07] 현재가 5030원  예상 순손익 +59원 (+1.20%)  목표 5021원
2026-04-14 15:34:08,058 INFO ★ 목표 도달! 시장가 매도 실행 (1주)
2026-04-14 15:34:08,707 ERROR 오류: 주문 실패 [SELL 036030 1주]: 장운영시간이 아닙니다.(장종료동시마감(129) 주문불가시간)
2026-04-14 15:35:08,709 INFO 장 마감(15:35) — 오늘 목표 미달성으로 종료
  토큰 에러 403: {"error_description":"접근토큰 발급 잠시 후 다시 시도하세요(1분당 1회)","error_code":"EGW00133"}
��! 시장가 매도 실행 (1주)
2026-04-14 15:34:08,707 ERROR 오류: 주문 실패 [SELL 036030 1주]: 장운영시간이 아닙니다.(장종료동시마감(129) 주문불가시간)
2026-04-14 15:35:08,709 INFO 장 마감(15:35) — 오늘 목표 미달성으로 종료
